---
created: "2019-05-28T13:34:28.305082900Z"
creator: insta@0.8.1
source: src/query_system/src/sources.rs
expression: form_data
---
{
    (
        Form(
            NormalizedLatinString(
                "ad"
            )
        ),
        SourceId(
            0
        ),
        7
    ),
    (
        Form(
            NormalizedLatinString(
                "aemulatio"
            )
        ),
        SourceId(
            0
        ),
        3
    ),
    (
        Form(
            NormalizedLatinString(
                "aequales"
            )
        ),
        SourceId(
            0
        ),
        3
    ),
    (
        Form(
            NormalizedLatinString(
                "apud"
            )
        ),
        SourceId(
            0
        ),
        7
    ),
    (
        Form(
            NormalizedLatinString(
                "celse"
            )
        ),
        SourceId(
            0
        ),
        0
    ),
    (
        Form(
            NormalizedLatinString(
                "conatibus"
            )
        ),
        SourceId(
            0
        ),
        4
    ),
    (
        Form(
            NormalizedLatinString(
                "credidi"
            )
        ),
        SourceId(
            0
        ),
        4
    ),
    (
        Form(
            NormalizedLatinString(
                "cultior"
            )
        ),
        SourceId(
            0
        ),
        6
    ),
    (
        Form(
            NormalizedLatinString(
                "cum"
            )
        ),
        SourceId(
            0
        ),
        2
    ),
    (
        Form(
            NormalizedLatinString(
                "deposcat"
            )
        ),
        SourceId(
            0
        ),
        3
    ),
    (
        Form(
            NormalizedLatinString(
                "eos"
            )
        ),
        SourceId(
            0
        ),
        5
    ),
    (
        Form(
            NormalizedLatinString(
                "est"
            )
        ),
        SourceId(
            0
        ),
        0
    ),
    (
        Form(
            NormalizedLatinString(
                "festinet"
            )
        ),
        SourceId(
            0
        ),
        7
    ),
    (
        Form(
            NormalizedLatinString(
                "hac"
            )
        ),
        SourceId(
            0
        ),
        5
    ),
    (
        Form(
            NormalizedLatinString(
                "ideoque"
            )
        ),
        SourceId(
            0
        ),
        1
    ),
    (
        Form(
            NormalizedLatinString(
                "in"
            )
        ),
        SourceId(
            0
        ),
        5
    ),
    (
        Form(
            NormalizedLatinString(
                "in"
            )
        ),
        SourceId(
            0
        ),
        6
    ),
    (
        Form(
            NormalizedLatinString(
                "inpendium"
            )
        ),
        SourceId(
            0
        ),
        2
    ),
    (
        Form(
            NormalizedLatinString(
                "inter"
            )
        ),
        SourceId(
            0
        ),
        3
    ),
    (
        Form(
            NormalizedLatinString(
                "inter"
            )
        ),
        SourceId(
            0
        ),
        5
    ),
    (
        Form(
            NormalizedLatinString(
                "iste"
            )
        ),
        SourceId(
            0
        ),
        7
    ),
    (
        Form(
            NormalizedLatinString(
                "itaque"
            )
        ),
        SourceId(
            0
        ),
        5
    ),
    (
        Form(
            NormalizedLatinString(
                "iudiciis"
            )
        ),
        SourceId(
            0
        ),
        2
    ),
    (
        Form(
            NormalizedLatinString(
                "liber"
            )
        ),
        SourceId(
            0
        ),
        7
    ),
    (
        Form(
            NormalizedLatinString(
                "locum"
            )
        ),
        SourceId(
            0
        ),
        3
    ),
    (
        Form(
            NormalizedLatinString(
                "magis"
            )
        ),
        SourceId(
            0
        ),
        4
    ),
    (
        Form(
            NormalizedLatinString(
                "manere"
            )
        ),
        SourceId(
            0
        ),
        1
    ),
    (
        Form(
            NormalizedLatinString(
                "meae"
            )
        ),
        SourceId(
            0
        ),
        1
    ),
    (
        Form(
            NormalizedLatinString(
                "nam"
            )
        ),
        SourceId(
            0
        ),
        2
    ),
    (
        Form(
            NormalizedLatinString(
                "neminem"
            )
        ),
        SourceId(
            0
        ),
        4
    ),
    (
        Form(
            NormalizedLatinString(
                "nostris"
            )
        ),
        SourceId(
            0
        ),
        4
    ),
    (
        Form(
            NormalizedLatinString(
                "nostrorum"
            )
        ),
        SourceId(
            0
        ),
        1
    ),
    (
        Form(
            NormalizedLatinString(
                "nota"
            )
        ),
        SourceId(
            0
        ),
        6
    ),
    (
        Form(
            NormalizedLatinString(
                "notitiam"
            )
        ),
        SourceId(
            0
        ),
        6
    ),
    (
        Form(
            NormalizedLatinString(
                "notum"
            )
        ),
        SourceId(
            0
        ),
        0
    ),
    (
        Form(
            NormalizedLatinString(
                "offerre"
            )
        ),
        SourceId(
            0
        ),
        2
    ),
    (
        Form(
            NormalizedLatinString(
                "omnia"
            )
        ),
        SourceId(
            0
        ),
        6
    ),
    (
        Form(
            NormalizedLatinString(
                "omnibus"
            )
        ),
        SourceId(
            0
        ),
        0
    ),
    (
        Form(
            NormalizedLatinString(
                "parte"
            )
        ),
        SourceId(
            0
        ),
        5
    ),
    (
        Form(
            NormalizedLatinString(
                "penes"
            )
        ),
        SourceId(
            0
        ),
        0
    ),
    (
        Form(
            NormalizedLatinString(
                "perlaturus"
            )
        ),
        SourceId(
            0
        ),
        7
    ),
    (
        Form(
            NormalizedLatinString(
                "plurimum"
            )
        ),
        SourceId(
            0
        ),
        5
    ),
    (
        Form(
            NormalizedLatinString(
                "possit"
            )
        ),
        SourceId(
            0
        ),
        5
    ),
    (
        Form(
            NormalizedLatinString(
                "primum"
            )
        ),
        SourceId(
            0
        ),
        1
    ),
    (
        Form(
            NormalizedLatinString(
                "primum"
            )
        ),
        SourceId(
            0
        ),
        7
    ),
    (
        Form(
            NormalizedLatinString(
                "profuturum"
            )
        ),
        SourceId(
            0
        ),
        4
    ),
    (
        Form(
            NormalizedLatinString(
                "proposui"
            )
        ),
        SourceId(
            0
        ),
        2
    ),
    (
        Form(
            NormalizedLatinString(
                "quam"
            )
        ),
        SourceId(
            0
        ),
        4
    ),
    (
        Form(
            NormalizedLatinString(
                "quendam"
            )
        ),
        SourceId(
            0
        ),
        3
    ),
    (
        Form(
            NormalizedLatinString(
                "qui"
            )
        ),
        SourceId(
            0
        ),
        5
    ),
    (
        Form(
            NormalizedLatinString(
                "quo"
            )
        ),
        SourceId(
            0
        ),
        5
    ),
    (
        Form(
            NormalizedLatinString(
                "quorundam"
            )
        ),
        SourceId(
            0
        ),
        6
    ),
    (
        Form(
            NormalizedLatinString(
                "sedulitatis"
            )
        ),
        SourceId(
            0
        ),
        1
    ),
    (
        Form(
            NormalizedLatinString(
                "sibi"
            )
        ),
        SourceId(
            0
        ),
        2
    ),
    (
        Form(
            NormalizedLatinString(
                "studiorum"
            )
        ),
        SourceId(
            0
        ),
        0
    ),
    (
        Form(
            NormalizedLatinString(
                "summam"
            )
        ),
        SourceId(
            0
        ),
        1
    ),
    (
        Form(
            NormalizedLatinString(
                "te"
            )
        ),
        SourceId(
            0
        ),
        0
    ),
    (
        Form(
            NormalizedLatinString(
                "te"
            )
        ),
        SourceId(
            0
        ),
        7
    ),
    (
        Form(
            NormalizedLatinString(
                "tibi"
            )
        ),
        SourceId(
            0
        ),
        6
    ),
    (
        Form(
            NormalizedLatinString(
                "tuis"
            )
        ),
        SourceId(
            0
        ),
        2
    ),
    (
        Form(
            NormalizedLatinString(
                "ueniat"
            )
        ),
        SourceId(
            0
        ),
        6
    )
}
