---
source: src/query_system/sources.rs
expression: form_data
---
{
    (
        Form(
            WordId(
                0,
            ),
        ),
        SourceId(
            0,
        ),
        0,
    ),
    (
        Form(
            WordId(
                1,
            ),
        ),
        SourceId(
            0,
        ),
        0,
    ),
    (
        Form(
            WordId(
                2,
            ),
        ),
        SourceId(
            0,
        ),
        0,
    ),
    (
        Form(
            WordId(
                3,
            ),
        ),
        SourceId(
            0,
        ),
        0,
    ),
    (
        Form(
            WordId(
                4,
            ),
        ),
        SourceId(
            0,
        ),
        0,
    ),
    (
        Form(
            WordId(
                5,
            ),
        ),
        SourceId(
            0,
        ),
        0,
    ),
    (
        Form(
            WordId(
                6,
            ),
        ),
        SourceId(
            0,
        ),
        0,
    ),
    (
        Form(
            WordId(
                7,
            ),
        ),
        SourceId(
            0,
        ),
        0,
    ),
    (
        Form(
            WordId(
                8,
            ),
        ),
        SourceId(
            0,
        ),
        0,
    ),
    (
        Form(
            WordId(
                9,
            ),
        ),
        SourceId(
            0,
        ),
        0,
    ),
    (
        Form(
            WordId(
                10,
            ),
        ),
        SourceId(
            0,
        ),
        0,
    ),
    (
        Form(
            WordId(
                11,
            ),
        ),
        SourceId(
            0,
        ),
        0,
    ),
    (
        Form(
            WordId(
                12,
            ),
        ),
        SourceId(
            0,
        ),
        0,
    ),
    (
        Form(
            WordId(
                13,
            ),
        ),
        SourceId(
            0,
        ),
        0,
    ),
    (
        Form(
            WordId(
                14,
            ),
        ),
        SourceId(
            0,
        ),
        0,
    ),
    (
        Form(
            WordId(
                15,
            ),
        ),
        SourceId(
            0,
        ),
        0,
    ),
    (
        Form(
            WordId(
                16,
            ),
        ),
        SourceId(
            0,
        ),
        0,
    ),
    (
        Form(
            WordId(
                17,
            ),
        ),
        SourceId(
            0,
        ),
        0,
    ),
    (
        Form(
            WordId(
                18,
            ),
        ),
        SourceId(
            0,
        ),
        0,
    ),
    (
        Form(
            WordId(
                19,
            ),
        ),
        SourceId(
            0,
        ),
        0,
    ),
    (
        Form(
            WordId(
                20,
            ),
        ),
        SourceId(
            0,
        ),
        0,
    ),
    (
        Form(
            WordId(
                21,
            ),
        ),
        SourceId(
            0,
        ),
        0,
    ),
    (
        Form(
            WordId(
                22,
            ),
        ),
        SourceId(
            0,
        ),
        0,
    ),
    (
        Form(
            WordId(
                23,
            ),
        ),
        SourceId(
            0,
        ),
        0,
    ),
    (
        Form(
            WordId(
                24,
            ),
        ),
        SourceId(
            0,
        ),
        0,
    ),
    (
        Form(
            WordId(
                25,
            ),
        ),
        SourceId(
            0,
        ),
        0,
    ),
    (
        Form(
            WordId(
                26,
            ),
        ),
        SourceId(
            0,
        ),
        0,
    ),
    (
        Form(
            WordId(
                27,
            ),
        ),
        SourceId(
            0,
        ),
        0,
    ),
    (
        Form(
            WordId(
                28,
            ),
        ),
        SourceId(
            0,
        ),
        0,
    ),
    (
        Form(
            WordId(
                29,
            ),
        ),
        SourceId(
            0,
        ),
        0,
    ),
    (
        Form(
            WordId(
                30,
            ),
        ),
        SourceId(
            0,
        ),
        0,
    ),
    (
        Form(
            WordId(
                31,
            ),
        ),
        SourceId(
            0,
        ),
        0,
    ),
    (
        Form(
            WordId(
                32,
            ),
        ),
        SourceId(
            0,
        ),
        0,
    ),
    (
        Form(
            WordId(
                33,
            ),
        ),
        SourceId(
            0,
        ),
        0,
    ),
    (
        Form(
            WordId(
                34,
            ),
        ),
        SourceId(
            0,
        ),
        0,
    ),
    (
        Form(
            WordId(
                35,
            ),
        ),
        SourceId(
            0,
        ),
        0,
    ),
    (
        Form(
            WordId(
                36,
            ),
        ),
        SourceId(
            0,
        ),
        0,
    ),
    (
        Form(
            WordId(
                37,
            ),
        ),
        SourceId(
            0,
        ),
        0,
    ),
    (
        Form(
            WordId(
                38,
            ),
        ),
        SourceId(
            0,
        ),
        0,
    ),
    (
        Form(
            WordId(
                39,
            ),
        ),
        SourceId(
            0,
        ),
        0,
    ),
    (
        Form(
            WordId(
                40,
            ),
        ),
        SourceId(
            0,
        ),
        0,
    ),
    (
        Form(
            WordId(
                41,
            ),
        ),
        SourceId(
            0,
        ),
        0,
    ),
    (
        Form(
            WordId(
                42,
            ),
        ),
        SourceId(
            0,
        ),
        0,
    ),
    (
        Form(
            WordId(
                43,
            ),
        ),
        SourceId(
            0,
        ),
        0,
    ),
    (
        Form(
            WordId(
                44,
            ),
        ),
        SourceId(
            0,
        ),
        0,
    ),
    (
        Form(
            WordId(
                45,
            ),
        ),
        SourceId(
            0,
        ),
        0,
    ),
    (
        Form(
            WordId(
                46,
            ),
        ),
        SourceId(
            0,
        ),
        0,
    ),
    (
        Form(
            WordId(
                47,
            ),
        ),
        SourceId(
            0,
        ),
        0,
    ),
    (
        Form(
            WordId(
                48,
            ),
        ),
        SourceId(
            0,
        ),
        0,
    ),
    (
        Form(
            WordId(
                49,
            ),
        ),
        SourceId(
            0,
        ),
        0,
    ),
    (
        Form(
            WordId(
                50,
            ),
        ),
        SourceId(
            0,
        ),
        0,
    ),
    (
        Form(
            WordId(
                51,
            ),
        ),
        SourceId(
            0,
        ),
        0,
    ),
    (
        Form(
            WordId(
                52,
            ),
        ),
        SourceId(
            0,
        ),
        0,
    ),
    (
        Form(
            WordId(
                53,
            ),
        ),
        SourceId(
            0,
        ),
        0,
    ),
    (
        Form(
            WordId(
                54,
            ),
        ),
        SourceId(
            0,
        ),
        0,
    ),
    (
        Form(
            WordId(
                55,
            ),
        ),
        SourceId(
            0,
        ),
        0,
    ),
    (
        Form(
            WordId(
                56,
            ),
        ),
        SourceId(
            0,
        ),
        0,
    ),
    (
        Form(
            WordId(
                57,
            ),
        ),
        SourceId(
            0,
        ),
        0,
    ),
    (
        Form(
            WordId(
                58,
            ),
        ),
        SourceId(
            0,
        ),
        0,
    ),
    (
        Form(
            WordId(
                59,
            ),
        ),
        SourceId(
            0,
        ),
        0,
    ),
    (
        Form(
            WordId(
                60,
            ),
        ),
        SourceId(
            0,
        ),
        0,
    ),
    (
        Form(
            WordId(
                61,
            ),
        ),
        SourceId(
            0,
        ),
        0,
    ),
    (
        Form(
            WordId(
                62,
            ),
        ),
        SourceId(
            0,
        ),
        0,
    ),
}
