---
source: src/query_system/sources.rs
expression: form_data
---
{
    (
        Form(
            NormalizedLatinString(
                "ad",
            ),
        ),
        SourceId(
            0,
        ),
        0,
    ),
    (
        Form(
            NormalizedLatinString(
                "adipiscing",
            ),
        ),
        SourceId(
            0,
        ),
        0,
    ),
    (
        Form(
            NormalizedLatinString(
                "aliqua",
            ),
        ),
        SourceId(
            0,
        ),
        0,
    ),
    (
        Form(
            NormalizedLatinString(
                "aliquip",
            ),
        ),
        SourceId(
            0,
        ),
        0,
    ),
    (
        Form(
            NormalizedLatinString(
                "amet",
            ),
        ),
        SourceId(
            0,
        ),
        0,
    ),
    (
        Form(
            NormalizedLatinString(
                "anim",
            ),
        ),
        SourceId(
            0,
        ),
        0,
    ),
    (
        Form(
            NormalizedLatinString(
                "aute",
            ),
        ),
        SourceId(
            0,
        ),
        0,
    ),
    (
        Form(
            NormalizedLatinString(
                "cillum",
            ),
        ),
        SourceId(
            0,
        ),
        0,
    ),
    (
        Form(
            NormalizedLatinString(
                "commodo",
            ),
        ),
        SourceId(
            0,
        ),
        0,
    ),
    (
        Form(
            NormalizedLatinString(
                "consectetur",
            ),
        ),
        SourceId(
            0,
        ),
        0,
    ),
    (
        Form(
            NormalizedLatinString(
                "consequat",
            ),
        ),
        SourceId(
            0,
        ),
        0,
    ),
    (
        Form(
            NormalizedLatinString(
                "culpa",
            ),
        ),
        SourceId(
            0,
        ),
        0,
    ),
    (
        Form(
            NormalizedLatinString(
                "cupidatat",
            ),
        ),
        SourceId(
            0,
        ),
        0,
    ),
    (
        Form(
            NormalizedLatinString(
                "deserunt",
            ),
        ),
        SourceId(
            0,
        ),
        0,
    ),
    (
        Form(
            NormalizedLatinString(
                "do",
            ),
        ),
        SourceId(
            0,
        ),
        0,
    ),
    (
        Form(
            NormalizedLatinString(
                "dolor",
            ),
        ),
        SourceId(
            0,
        ),
        0,
    ),
    (
        Form(
            NormalizedLatinString(
                "dolore",
            ),
        ),
        SourceId(
            0,
        ),
        0,
    ),
    (
        Form(
            NormalizedLatinString(
                "duis",
            ),
        ),
        SourceId(
            0,
        ),
        0,
    ),
    (
        Form(
            NormalizedLatinString(
                "ea",
            ),
        ),
        SourceId(
            0,
        ),
        0,
    ),
    (
        Form(
            NormalizedLatinString(
                "eiusmod",
            ),
        ),
        SourceId(
            0,
        ),
        0,
    ),
    (
        Form(
            NormalizedLatinString(
                "elit",
            ),
        ),
        SourceId(
            0,
        ),
        0,
    ),
    (
        Form(
            NormalizedLatinString(
                "enim",
            ),
        ),
        SourceId(
            0,
        ),
        0,
    ),
    (
        Form(
            NormalizedLatinString(
                "esse",
            ),
        ),
        SourceId(
            0,
        ),
        0,
    ),
    (
        Form(
            NormalizedLatinString(
                "est",
            ),
        ),
        SourceId(
            0,
        ),
        0,
    ),
    (
        Form(
            NormalizedLatinString(
                "et",
            ),
        ),
        SourceId(
            0,
        ),
        0,
    ),
    (
        Form(
            NormalizedLatinString(
                "eu",
            ),
        ),
        SourceId(
            0,
        ),
        0,
    ),
    (
        Form(
            NormalizedLatinString(
                "ex",
            ),
        ),
        SourceId(
            0,
        ),
        0,
    ),
    (
        Form(
            NormalizedLatinString(
                "excepteur",
            ),
        ),
        SourceId(
            0,
        ),
        0,
    ),
    (
        Form(
            NormalizedLatinString(
                "exercitation",
            ),
        ),
        SourceId(
            0,
        ),
        0,
    ),
    (
        Form(
            NormalizedLatinString(
                "fugiat",
            ),
        ),
        SourceId(
            0,
        ),
        0,
    ),
    (
        Form(
            NormalizedLatinString(
                "id",
            ),
        ),
        SourceId(
            0,
        ),
        0,
    ),
    (
        Form(
            NormalizedLatinString(
                "in",
            ),
        ),
        SourceId(
            0,
        ),
        0,
    ),
    (
        Form(
            NormalizedLatinString(
                "incididunt",
            ),
        ),
        SourceId(
            0,
        ),
        0,
    ),
    (
        Form(
            NormalizedLatinString(
                "ipsum",
            ),
        ),
        SourceId(
            0,
        ),
        0,
    ),
    (
        Form(
            NormalizedLatinString(
                "irure",
            ),
        ),
        SourceId(
            0,
        ),
        0,
    ),
    (
        Form(
            NormalizedLatinString(
                "labore",
            ),
        ),
        SourceId(
            0,
        ),
        0,
    ),
    (
        Form(
            NormalizedLatinString(
                "laboris",
            ),
        ),
        SourceId(
            0,
        ),
        0,
    ),
    (
        Form(
            NormalizedLatinString(
                "laborum",
            ),
        ),
        SourceId(
            0,
        ),
        0,
    ),
    (
        Form(
            NormalizedLatinString(
                "lorem",
            ),
        ),
        SourceId(
            0,
        ),
        0,
    ),
    (
        Form(
            NormalizedLatinString(
                "magna",
            ),
        ),
        SourceId(
            0,
        ),
        0,
    ),
    (
        Form(
            NormalizedLatinString(
                "minim",
            ),
        ),
        SourceId(
            0,
        ),
        0,
    ),
    (
        Form(
            NormalizedLatinString(
                "mollit",
            ),
        ),
        SourceId(
            0,
        ),
        0,
    ),
    (
        Form(
            NormalizedLatinString(
                "nisi",
            ),
        ),
        SourceId(
            0,
        ),
        0,
    ),
    (
        Form(
            NormalizedLatinString(
                "non",
            ),
        ),
        SourceId(
            0,
        ),
        0,
    ),
    (
        Form(
            NormalizedLatinString(
                "nostrud",
            ),
        ),
        SourceId(
            0,
        ),
        0,
    ),
    (
        Form(
            NormalizedLatinString(
                "nulla",
            ),
        ),
        SourceId(
            0,
        ),
        0,
    ),
    (
        Form(
            NormalizedLatinString(
                "occaecat",
            ),
        ),
        SourceId(
            0,
        ),
        0,
    ),
    (
        Form(
            NormalizedLatinString(
                "officia",
            ),
        ),
        SourceId(
            0,
        ),
        0,
    ),
    (
        Form(
            NormalizedLatinString(
                "pariatur",
            ),
        ),
        SourceId(
            0,
        ),
        0,
    ),
    (
        Form(
            NormalizedLatinString(
                "proident",
            ),
        ),
        SourceId(
            0,
        ),
        0,
    ),
    (
        Form(
            NormalizedLatinString(
                "qui",
            ),
        ),
        SourceId(
            0,
        ),
        0,
    ),
    (
        Form(
            NormalizedLatinString(
                "quis",
            ),
        ),
        SourceId(
            0,
        ),
        0,
    ),
    (
        Form(
            NormalizedLatinString(
                "reprehenderit",
            ),
        ),
        SourceId(
            0,
        ),
        0,
    ),
    (
        Form(
            NormalizedLatinString(
                "sed",
            ),
        ),
        SourceId(
            0,
        ),
        0,
    ),
    (
        Form(
            NormalizedLatinString(
                "sint",
            ),
        ),
        SourceId(
            0,
        ),
        0,
    ),
    (
        Form(
            NormalizedLatinString(
                "sit",
            ),
        ),
        SourceId(
            0,
        ),
        0,
    ),
    (
        Form(
            NormalizedLatinString(
                "sunt",
            ),
        ),
        SourceId(
            0,
        ),
        0,
    ),
    (
        Form(
            NormalizedLatinString(
                "tempor",
            ),
        ),
        SourceId(
            0,
        ),
        0,
    ),
    (
        Form(
            NormalizedLatinString(
                "uelit",
            ),
        ),
        SourceId(
            0,
        ),
        0,
    ),
    (
        Form(
            NormalizedLatinString(
                "ueniam",
            ),
        ),
        SourceId(
            0,
        ),
        0,
    ),
    (
        Form(
            NormalizedLatinString(
                "ullamco",
            ),
        ),
        SourceId(
            0,
        ),
        0,
    ),
    (
        Form(
            NormalizedLatinString(
                "uoluptate",
            ),
        ),
        SourceId(
            0,
        ),
        0,
    ),
    (
        Form(
            NormalizedLatinString(
                "ut",
            ),
        ),
        SourceId(
            0,
        ),
        0,
    ),
}
